// Jest Snapshot v1, https://goo.gl/fbAQLP

exports[`Testeamos un componente debe de mostrar <App/> correctamente 1`] = `
<h1>
  Hola, soy
   
  Bruce
</h1>
`;
